// Jest Snapshot v1, https://goo.gl/fbAQLP

exports[`snapshot 1`] = `
<div>
  <h1>
    About
  </h1>
  <p>
    Add something relevant here.
  </p>
</div>
`;
