// Jest Snapshot v1, https://goo.gl/fbAQLP

exports[`AddUser renders a snapshot properly 1`] = `
<form
  onSubmit={undefined}
>
  <div
    className="form-group"
  >
    <input
      className="form-control input-lg"
      name="username"
      onChange={undefined}
      placeholder="Enter a username"
      required={true}
      type="text"
      value={undefined}
    />
  </div>
  <div
    className="form-group"
  >
    <input
      className="form-control input-lg"
      name="email"
      onChange={undefined}
      placeholder="Enter your email"
      required={true}
      type="email"
      value={undefined}
    />
  </div>
  <input
    className="btn btn-warning btn-lg btn-block"
    type="submit"
    value="Submit"
  />
</form>
`;
